2025-11-11 16:48:32 - Starting EmpowerherApplication using Java 21.0.7 with PID 15572 (C:\Users\Asus\OneDrive\Desktop\spring projects\empowerher\empowerher\target\classes started by Asus in C:\Users\Asus\OneDrive\Desktop\spring projects\empowerher\empowerher)
2025-11-11 16:48:32 - Running with Spring Boot v3.5.6, Spring v6.2.11
2025-11-11 16:48:32 - The following 1 profile is active: "dev"
2025-11-11 16:48:34 - Bootstrapping Spring Data JPA repositories in DEFAULT mode.
2025-11-11 16:48:34 - Finished Spring Data repository scanning in 92 ms. Found 6 JPA repository interfaces.
2025-11-11 16:48:35 - Starting service [Tomcat]
2025-11-11 16:48:35 - Starting Servlet engine: [Apache Tomcat/10.1.46]
2025-11-11 16:48:35 - Initializing Spring embedded WebApplicationContext
2025-11-11 16:48:36 - HHH000204: Processing PersistenceUnitInfo [name: default]
2025-11-11 16:48:36 - HHH000412: Hibernate ORM core version 6.6.29.Final
2025-11-11 16:48:36 - HHH000026: Second-level cache disabled
2025-11-11 16:48:36 - No LoadTimeWeaver setup: ignoring JPA class transformer
2025-11-11 16:48:36 - HikariPool-1 - Starting...
2025-11-11 16:48:37 - HikariPool-1 - Added connection com.mysql.cj.jdbc.ConnectionImpl@69e516c1
2025-11-11 16:48:37 - HikariPool-1 - Start completed.
2025-11-11 16:48:37 - HHH000511: The 5.5.5 version for [org.hibernate.dialect.MySQLDialect] is no longer supported, hence certain features may not work properly. The minimum supported version is 8.0.0. Check the community dialects project for available legacy versions.
2025-11-11 16:48:37 - HHH90000025: MySQLDialect does not need to be specified explicitly using 'hibernate.dialect' (remove the property setting and it will be selected by default)
2025-11-11 16:48:37 - HHH10001005: Database info:
	Database JDBC URL [Connecting through datasource 'HikariDataSource (HikariPool-1)']
	Database driver: undefined/unknown
	Database version: 5.5.5
	Autocommit mode: undefined/unknown
	Isolation level: undefined/unknown
	Minimum pool size: undefined/unknown
	Maximum pool size: undefined/unknown
2025-11-11 16:48:38 - HHH000489: No JTA platform available (set 'hibernate.transaction.jta.platform' to enable JTA platform integration)
2025-11-11 16:48:38 - Initialized JPA EntityManagerFactory for persistence unit 'default'
2025-11-11 16:48:39 - Hibernate is in classpath; If applicable, HQL parser will be used.
2025-11-11 16:48:41 - Global AuthenticationManager configured with an AuthenticationProvider bean. UserDetailsService beans will not be used by Spring Security for automatically configuring username/password login. Consider removing the AuthenticationProvider bean. Alternatively, consider using the UserDetailsService in a manually instantiated DaoAuthenticationProvider. If the current configuration is intentional, to turn off this warning, increase the logging level of 'org.springframework.security.config.annotation.authentication.configuration.InitializeUserDetailsBeanManagerConfigurer' to ERROR
2025-11-11 16:48:42 - Exception encountered during context initialization - cancelling refresh attempt: org.springframework.context.ApplicationContextException: Failed to start bean 'webServerStartStop'
2025-11-11 16:48:42 - Closing JPA EntityManagerFactory for persistence unit 'default'
2025-11-11 16:48:42 - HikariPool-1 - Shutdown initiated...
2025-11-11 16:48:42 - HikariPool-1 - Shutdown completed.
2025-11-11 16:48:42 - 

***************************
APPLICATION FAILED TO START
***************************

Description:

Web server failed to start. Port 8080 was already in use.

Action:

Identify and stop the process that's listening on port 8080 or configure this application to listen on another port.

2025-11-11 16:49:19 - Starting EmpowerherApplication using Java 21.0.7 with PID 21360 (C:\Users\Asus\OneDrive\Desktop\spring projects\empowerher\empowerher\target\classes started by Asus in C:\Users\Asus\OneDrive\Desktop\spring projects\empowerher\empowerher)
2025-11-11 16:49:19 - Running with Spring Boot v3.5.6, Spring v6.2.11
2025-11-11 16:49:19 - The following 1 profile is active: "dev"
2025-11-11 16:49:20 - Bootstrapping Spring Data JPA repositories in DEFAULT mode.
2025-11-11 16:49:21 - Finished Spring Data repository scanning in 78 ms. Found 6 JPA repository interfaces.
2025-11-11 16:49:22 - Starting service [Tomcat]
2025-11-11 16:49:22 - Starting Servlet engine: [Apache Tomcat/10.1.46]
2025-11-11 16:49:22 - Initializing Spring embedded WebApplicationContext
2025-11-11 16:49:22 - HHH000204: Processing PersistenceUnitInfo [name: default]
2025-11-11 16:49:22 - HHH000412: Hibernate ORM core version 6.6.29.Final
2025-11-11 16:49:22 - HHH000026: Second-level cache disabled
2025-11-11 16:49:22 - No LoadTimeWeaver setup: ignoring JPA class transformer
2025-11-11 16:49:23 - HikariPool-1 - Starting...
2025-11-11 16:49:23 - HikariPool-1 - Added connection com.mysql.cj.jdbc.ConnectionImpl@2ac9b9
2025-11-11 16:49:23 - HikariPool-1 - Start completed.
2025-11-11 16:49:23 - HHH000511: The 5.5.5 version for [org.hibernate.dialect.MySQLDialect] is no longer supported, hence certain features may not work properly. The minimum supported version is 8.0.0. Check the community dialects project for available legacy versions.
2025-11-11 16:49:23 - HHH90000025: MySQLDialect does not need to be specified explicitly using 'hibernate.dialect' (remove the property setting and it will be selected by default)
2025-11-11 16:49:23 - HHH10001005: Database info:
	Database JDBC URL [Connecting through datasource 'HikariDataSource (HikariPool-1)']
	Database driver: undefined/unknown
	Database version: 5.5.5
	Autocommit mode: undefined/unknown
	Isolation level: undefined/unknown
	Minimum pool size: undefined/unknown
	Maximum pool size: undefined/unknown
2025-11-11 16:49:25 - HHH000489: No JTA platform available (set 'hibernate.transaction.jta.platform' to enable JTA platform integration)
2025-11-11 16:49:25 - Initialized JPA EntityManagerFactory for persistence unit 'default'
2025-11-11 16:49:26 - Hibernate is in classpath; If applicable, HQL parser will be used.
2025-11-11 16:49:30 - Global AuthenticationManager configured with an AuthenticationProvider bean. UserDetailsService beans will not be used by Spring Security for automatically configuring username/password login. Consider removing the AuthenticationProvider bean. Alternatively, consider using the UserDetailsService in a manually instantiated DaoAuthenticationProvider. If the current configuration is intentional, to turn off this warning, increase the logging level of 'org.springframework.security.config.annotation.authentication.configuration.InitializeUserDetailsBeanManagerConfigurer' to ERROR
2025-11-11 16:49:32 - Started EmpowerherApplication in 13.093 seconds (process running for 13.667)
2025-11-11 16:49:32 - Initializing Spring DispatcherServlet 'dispatcherServlet'
